exports[`test CheckboxWithLabel changes the text after click 1`] = `
<label>
  <input
    checked={false}
    onChange={[Function]}
    type="checkbox" />
  Off
</label>
`;
