exports[`test MultiplicationTable for number 5 1`] = `
<ul>
  <li>
    5
     x 
    1
     = 
    5
  </li>
  <li>
    5
     x 
    2
     = 
    10
  </li>
  <li>
    5
     x 
    3
     = 
    15
  </li>
  <li>
    5
     x 
    4
     = 
    20
  </li>
  <li>
    5
     x 
    5
     = 
    25
  </li>
  <li>
    5
     x 
    6
     = 
    30
  </li>
  <li>
    5
     x 
    7
     = 
    35
  </li>
  <li>
    5
     x 
    8
     = 
    40
  </li>
  <li>
    5
     x 
    9
     = 
    45
  </li>
  <li>
    5
     x 
    10
     = 
    50
  </li>
</ul>
`;
